Loading data (once, reused across all train fractions)...
Loading 39598326 samples x 96 channels...
Loaded (30.4 GB)

============================================================
train_frac=0.05  (train: 66.0s, test: 1254.0s)
Constraint check -- gain on target: 1.0000 (want 1.0)
  gain on interferer 67: 1.3878e-17 (want ~0)
  gain on interferer 65: 4.1633e-17 (want ~0)
  gain on interferer 82: 8.6736e-18 (want ~0)
  gain on interferer 72: 1.9429e-16 (want ~0)
  gain on interferer 57: 5.8113e-17 (want ~0)
Selected channels: [203, 205, 201, 207, 202]
Target: 76 train spikes, 1082 test spikes
1028 detections at threshold=0.75057
recall=94.82%  precision=99.81%  f1=0.973  FP_rate=0.002/s  (total_fp=2 over 1254.0s)
  false positives coinciding with interferer 67: 0
  false positives coinciding with interferer 65: 0
  false positives coinciding with interferer 82: 0
  false positives coinciding with interferer 72: 1
  false positives coinciding with interferer 57: 0

============================================================
train_frac=0.1  (train: 132.0s, test: 1188.0s)
Constraint check -- gain on target: 1.0000 (want 1.0)
  gain on interferer 67: -1.9429e-16 (want ~0)
  gain on interferer 65: -6.5919e-17 (want ~0)
  gain on interferer 82: 6.9389e-18 (want ~0)
  gain on interferer 72: -6.9389e-17 (want ~0)
  gain on interferer 57: 1.3010e-17 (want ~0)
Selected channels: [203, 205, 201, 207, 202]
Target: 168 train spikes, 990 test spikes
945 detections at threshold=0.75057
recall=95.15%  precision=99.68%  f1=0.974  FP_rate=0.003/s  (total_fp=3 over 1188.0s)
  false positives coinciding with interferer 67: 0
  false positives coinciding with interferer 65: 0
  false positives coinciding with interferer 82: 1
  false positives coinciding with interferer 72: 1
  false positives coinciding with interferer 57: 0

============================================================
train_frac=0.25  (train: 330.0s, test: 990.0s)
Constraint check -- gain on target: 1.0000 (want 1.0)
  gain on interferer 67: 2.0817e-16 (want ~0)
  gain on interferer 65: -2.0817e-16 (want ~0)
  gain on interferer 82: -2.4286e-17 (want ~0)
  gain on interferer 72: 4.1633e-16 (want ~0)
  gain on interferer 57: 5.2042e-17 (want ~0)
Selected channels: [203, 205, 201, 202, 207]
Target: 259 train spikes, 899 test spikes
868 detections at threshold=0.75057
recall=96.22%  precision=99.65%  f1=0.979  FP_rate=0.003/s  (total_fp=3 over 990.0s)
  false positives coinciding with interferer 67: 0
  false positives coinciding with interferer 65: 0
  false positives coinciding with interferer 82: 1
  false positives coinciding with interferer 72: 1
  false positives coinciding with interferer 57: 0

============================================================
SUMMARY (fixed threshold=0.75057)
============================================================
train_frac  train_s   test_s  n_train  n_test   recall  precision     f1       fp/s
      0.05     66.0   1254.0       76    1082   94.82%     99.81%  0.973     0.0016
      0.10    132.0   1188.0      168     990   95.15%     99.68%  0.974     0.0025
      0.25    330.0    990.0      259     899   96.22%     99.65%  0.979     0.0030

Saved results to D:/test_newsorter/filters_out\datafrac_sweep_74.json
