Sample rate: 29999.733951762522 Hz, saved channels: 385, sync chans: 1
Restricting to 96 channels from D:/test_newsorter/rawData/shank1only.json
Loaded data: 39598326 samples x 96 channels (30.4 GB)
Using causal RBJ biquad highpass (matches C++ live pipeline exactly)
Target cluster 74: 1158 spikes total, 1158 used for template.
Interferer cluster 67: 18126 spikes total, 2000 used.
Interferer cluster 65: 23011 spikes total, 2000 used.
Interferer cluster 82: 22307 spikes total, 2000 used.
Interferer cluster 72: 18048 spikes total, 2000 used.
Interferer cluster 57: 41091 spikes total, 2000 used.
Selected channels (SpikeGLX indices): [203, 205, 201, 207, 202]
Constraint check -- gain on target: 1.0000 (want 1.0)
  gain on interferer 67: -2.4633e-16 (want ~0)
  gain on interferer 65: 1.7347e-17 (want ~0)
  gain on interferer 82: 7.8063e-18 (want ~0)
  gain on interferer 72: 9.0206e-17 (want ~0)
  gain on interferer 57: -3.4261e-17 (want ~0)
Calibration-window check: 1158/1158 target spikes cross threshold nearby (threshold=0.3294, k=5.0)
Saved filter for cluster 74 to D:/test_newsorter/filters_out (threshold=0.3294)
EXIT=0
