Loading 39598326 samples x 96 channels...
Loaded (30.4 GB)
Using causal RBJ biquad highpass (matches C++ live pipeline exactly)

Train: [0, 19799163) (660.0s)   Test: [19799163, 39598326) (660.0s)

============================================================
Fitting LCMV on TRAIN split only...
Constraint check -- gain on target: 1.0000 (want 1.0)
  gain on interferer 67: -1.1796e-16 (want ~0)
  gain on interferer 65: -3.8164e-17 (want ~0)
  gain on interferer 82: -1.0408e-17 (want ~0)
  gain on interferer 72: 7.3552e-16 (want ~0)
  gain on interferer 57: 5.8981e-17 (want ~0)
Selected channels: [203, 205, 201, 202, 207]

Target: 512 train spikes, 646 test spikes
Interferer 67: 10066 test spikes
Interferer 65: 13959 test spikes
Interferer 82: 12600 test spikes
Interferer 72: 9579 test spikes
Interferer 57: 23338 test spikes

Computing filter output on held-out test split...
Finding all candidate detections (local maxima) in test output...
Found 481258 candidate peaks in test split.

Sweeping 60 threshold values...

Best F1 operating point: threshold=0.7052  recall=97.21%  precision=99.21%  F1=0.982  FP_rate=0.01/s
Best recall with FP rate <= 1/s: threshold=0.4295  recall=99.85%  FP_rate=0.78/s

Saved plot to D:/test_newsorter/filters_out\threshold_sweep_74.png
Saved curve data to D:/test_newsorter/filters_out\threshold_sweep_74.npz
